Job ID:     6166093
Node:       ga015
Start time: Sun Apr 12 16:53:02 EDT 2026
GPUs:       0
Sun Apr 12 16:53:02 2026       
+-----------------------------------------------------------------------------------------+
| NVIDIA-SMI 580.82.07              Driver Version: 580.82.07      CUDA Version: 13.0     |
+-----------------------------------------+------------------------+----------------------+
| GPU  Name                 Persistence-M | Bus-Id          Disp.A | Volatile Uncorr. ECC |
| Fan  Temp   Perf          Pwr:Usage/Cap |           Memory-Usage | GPU-Util  Compute M. |
|                                         |                        |               MIG M. |
|=========================================+========================+======================|
|   0  NVIDIA A100-SXM4-80GB          On  |   00000000:31:00.0 Off |                    0 |
| N/A   25C    P0             61W /  500W |       0MiB /  81920MiB |      0%      Default |
|                                         |                        |             Disabled |
+-----------------------------------------+------------------------+----------------------+

+-----------------------------------------------------------------------------------------+
| Processes:                                                                              |
|  GPU   GI   CI              PID   Type   Process name                        GPU Memory |
|        ID   ID                                                               Usage      |
|=========================================================================================|
|  No running processes found                                                             |
+-----------------------------------------------------------------------------------------+
Using device: cuda
Loading processor/tokenizer...
Loading model...
Model loaded.
  Raw output:
Based on the given car descriptions, here are 5 yes/no questions that distinguish Group A from Group B:

1. Does the car have 4 cylinders? 
   Group A: Yes, Yes, Yes, Yes, Yes. 
   Group B: No, No, No, No, No.
  Parsed 1/5 queries
Generated queries:
  1. Does the car have 4 cylinders?
  2. Does the car have high horsepower?
  3. Is the car's weight average or heavier?
  4. Does the car have low displacement?
  5. Does the car have slow acceleration?
Positive samples:
['Car #92 has light weight, low horsepower, 4 cylinders, low displacement, and fast acceleration.', 'Car #279 has 4 cylinders, light weight, low horsepower, low displacement, and moderate acceleration.', 'Car #3 has moderate acceleration, 4 cylinders, low displacement, low horsepower, and light weight.', 'Car #50 has 4 cylinders, moderate acceleration, medium displacement, average weight, and medium horsepower.', 'Car #217 has medium horsepower, fast acceleration, low displacement, light weight, and 4 cylinders.']
Negative samples:
['Car #86 has high displacement, high horsepower, average weight, slow acceleration, and 6 cylinders.', 'Car #276 has high displacement, 8 cylinders, moderate acceleration, high horsepower, and heavy weight.', 'Car #7 has slow acceleration, high horsepower, high displacement, 8 cylinders, and heavy weight.', 'Car #45 has heavy weight, high horsepower, 8 cylinders, high displacement, and slow acceleration.', 'Car #190 has 8 cylinders, slow acceleration, high horsepower, high displacement, and heavy weight.']
   Q0  Q1  Q2  Q3  Q4
0   1   0   1   1   0
1   1   0   0   1   1
2   1   0   0   1   1
3   1   0   1   0   0
4   1   0   1   1   0
5   0   1   1   0   1
6   0   1   1   0   0
7   0   1   1   0   1
8   0   1   1   0   1
9   0   1   1   0   1

Query labels: ['Does the car have 4 cylinders?', 'Does the car have high horsepower?', "Is the car's weight average or heavier?", 'Does the car have low displacement?', 'Does the car have slow acceleration?']
End time: Sun Apr 12 16:54:50 EDT 2026
