Traceback (most recent call last):
  File "/scratch/ic2664/.conda/envs/query-ml/lib/python3.11/site-packages/transformers/tokenization_utils_base.py", line 1918, in _from_pretrained
    tokenizer = cls(*init_inputs, **init_kwargs)
                ^^^^^^^^^^^^^^^^^^^^^^^^^^^^^^^^
  File "/scratch/ic2664/.conda/envs/query-ml/lib/python3.11/site-packages/transformers/tokenization_utils_tokenizers.py", line 376, in __init__
    raise ValueError(
ValueError: Couldn't instantiate the backend tokenizer from one of: 
(1) a `tokenizers` library serialization file, 
(2) a slow tokenizer instance to convert or 
(3) an equivalent slow tokenizer class to instantiate and convert. 
You need to have sentencepiece or tiktoken installed to convert a slow tokenizer to a fast one.

During handling of the above exception, another exception occurred:

Traceback (most recent call last):
  File "/scratch/ic2664/Query-ML/queries_ML.py", line 62, in <module>
    tokenizer = AutoTokenizer.from_pretrained(MODEL_PATH)
                ^^^^^^^^^^^^^^^^^^^^^^^^^^^^^^^^^^^^^^^^^
  File "/scratch/ic2664/.conda/envs/query-ml/lib/python3.11/site-packages/transformers/models/auto/tokenization_auto.py", line 817, in from_pretrained
    return tokenizer_class.from_pretrained(pretrained_model_name_or_path, *inputs, **kwargs)
           ^^^^^^^^^^^^^^^^^^^^^^^^^^^^^^^^^^^^^^^^^^^^^^^^^^^^^^^^^^^^^^^^^^^^^^^^^^^^^^^^^
  File "/scratch/ic2664/.conda/envs/query-ml/lib/python3.11/site-packages/transformers/tokenization_utils_base.py", line 1729, in from_pretrained
    return cls._from_pretrained(
           ^^^^^^^^^^^^^^^^^^^^^
  File "/scratch/ic2664/.conda/envs/query-ml/lib/python3.11/site-packages/transformers/tokenization_utils_base.py", line 1919, in _from_pretrained
    except import_protobuf_decode_error():
           ^^^^^^^^^^^^^^^^^^^^^^^^^^^^^^
  File "/scratch/ic2664/.conda/envs/query-ml/lib/python3.11/site-packages/transformers/tokenization_utils_base.py", line 79, in import_protobuf_decode_error
    raise ImportError(PROTOBUF_IMPORT_ERROR.format(error_message))
ImportError: 
 requires the protobuf library but it was not found in your environment. Check out the instructions on the
installation page of its repo: https://github.com/protocolbuffers/protobuf/tree/master/python#installation and follow the ones
that match your environment. Please note that you may need to restart your runtime after installation.

