Job ID:     6754097
Node:       gh010
Start time: Mon Apr 20 23:51:25 EDT 2026
GPUs:       0,1,2,3
Mon Apr 20 23:51:25 2026       
+-----------------------------------------------------------------------------------------+
| NVIDIA-SMI 580.82.07              Driver Version: 580.82.07      CUDA Version: 13.0     |
+-----------------------------------------+------------------------+----------------------+
| GPU  Name                 Persistence-M | Bus-Id          Disp.A | Volatile Uncorr. ECC |
| Fan  Temp   Perf          Pwr:Usage/Cap |           Memory-Usage | GPU-Util  Compute M. |
|                                         |                        |               MIG M. |
|=========================================+========================+======================|
|   0  NVIDIA H100 80GB HBM3          On  |   00000000:06:00.0 Off |                    0 |
| N/A   23C    P0             67W /  700W |       0MiB /  81559MiB |      0%      Default |
|                                         |                        |             Disabled |
+-----------------------------------------+------------------------+----------------------+
|   1  NVIDIA H100 80GB HBM3          On  |   00000000:26:00.0 Off |                    0 |
| N/A   23C    P0             67W /  700W |       0MiB /  81559MiB |      0%      Default |
|                                         |                        |             Disabled |
+-----------------------------------------+------------------------+----------------------+
|   2  NVIDIA H100 80GB HBM3          On  |   00000000:A6:00.0 Off |                    0 |
| N/A   23C    P0             68W /  700W |       0MiB /  81559MiB |      0%      Default |
|                                         |                        |             Disabled |
+-----------------------------------------+------------------------+----------------------+
|   3  NVIDIA H100 80GB HBM3          On  |   00000000:C6:00.0 Off |                    0 |
| N/A   24C    P0             67W /  700W |       0MiB /  81559MiB |      0%      Default |
|                                         |                        |             Disabled |
+-----------------------------------------+------------------------+----------------------+

+-----------------------------------------------------------------------------------------+
| Processes:                                                                              |
|  GPU   GI   CI              PID   Type   Process name                        GPU Memory |
|        ID   ID                                                               Usage      |
|=========================================================================================|
|  No running processes found                                                             |
+-----------------------------------------------------------------------------------------+
Using device: cuda
Loading processor/tokenizer...
Loading model...
Model loaded.

============================================================
RUN 4/5  (seed=44)
============================================================
  Raw output:
Based on the car descriptions, here are 5 yes/no questions that distinguish Group A (good fuel efficiency) from Group B (bad fuel efficiency):

1. Does the car have 8 cylinders? 
   - Group A: No, No, No, No, No 
   - Group B: Yes, No, Yes, No, No 

2. Does the car have high horsepower? 
   - Group A: No, No, No, No, No 
   - Group B: Yes, Yes, Yes, No, No 

3. Does the car have high displacement? 
   - Group A: No, No, No, No, No 
   - Group B: No, Yes, Yes, No, No 

4. Does the car have heavy weight? 
   - Group A: No, No, No, No, No 
   - Group B: Yes, Yes, Yes, No, No 

5. Does the car hav
  Parsed 5/5 queries

Generated 5 queries:
  1. Does the car have 8 cylinders?
  2. Does the car have high horsepower?
  3. Does the car have high displacement?
  4. Does the car have heavy weight?
  5. Does the car have 4 cylinders?

Verifying on full dataset (200 samples)...
Feature matrix saved: results_llama4/run_04_20260420_235659/features.csv
  Q0: pos_yes=0.02, neg_yes=0.56, disc=0.54  |  Does the car have 8 cylinders?
  Q1: pos_yes=0.05, neg_yes=0.68, disc=0.63  |  Does the car have high horsepower?
  Q2: pos_yes=0.02, neg_yes=0.63, disc=0.61  |  Does the car have high displacement?
  Q3: pos_yes=0.03, neg_yes=0.66, disc=0.63  |  Does the car have heavy weight?
  Q4: pos_yes=0.90, neg_yes=0.11, disc=0.79  |  Does the car have 4 cylinders?

============================================================
RUN 5/5  (seed=45)
============================================================
  Raw output:
Based on the provided car descriptions, here are 5 yes/no questions that distinguish Group A (good fuel efficiency) from Group B (bad fuel efficiency):

1. Does the car have 8 cylinders?
	* Group A: No, No, No, No, No
	* Group B: Yes, Yes, No, Yes, Yes
2. Does the car have high horsepower?
	* Group A: No, No, No, No, No
	* Group B: Yes, Yes, Yes, Yes, Yes
3. Does the car have heavy weight?
	* Group A: No, No, No, No, No
	* Group B: Yes, Yes, Yes, No, Yes
4. Does the car have low displacement?
	* Group A: No, No, Yes, No, Yes
	* Group B: No, No, No, No, No 
    However, we can see that group A 
  Parsed 5/5 queries

Generated 5 queries:
  1. Does the car have 8 cylinders?
  2. Does the car have high horsepower?
  3. Does the car have heavy weight?
  4. Does the car have low displacement?
  5. Does the car have low displacement?

Verifying on full dataset (200 samples)...
Feature matrix saved: results_llama4/run_05_20260420_235659/features.csv
  Q0: pos_yes=0.02, neg_yes=0.56, disc=0.54  |  Does the car have 8 cylinders?
  Q1: pos_yes=0.05, neg_yes=0.68, disc=0.63  |  Does the car have high horsepower?
  Q2: pos_yes=0.03, neg_yes=0.66, disc=0.63  |  Does the car have heavy weight?
  Q3: pos_yes=0.62, neg_yes=0.02, disc=0.60  |  Does the car have low displacement?
  Q4: pos_yes=0.62, neg_yes=0.02, disc=0.60  |  Does the car have low displacement?

============================================================
ALL RUNS COMPLETE
Summary saved to: results_llama4/summary_20260420_235659.csv
 run  seed  n_queries_generated  avg_discrimination  nan_rate                           results_dir
   4    44                    5                0.64       0.0 results_llama4/run_04_20260420_235659
   5    45                    5                0.60       0.0 results_llama4/run_05_20260420_235659
End time: Tue Apr 21 00:52:11 EDT 2026
